[    1259ms] [LOG] Running frontend commit e32e9b2d6a3af5b04641246531157768998f8d45 @ https://www.figma.com/embed/interstitial?embed_host=share&embed_path=%2Fproto%2FDPRnGD5JWjfoNBSlAFoVG4%2FNahui-%25E2%2580%2594-Medium-Fidelity-UI%3Fcontent-scaling%3Dfixed%26embed-host%3Dshare%26kind%3Dproto%26node-id%3D162-320%26page-id%3D160%253A2%26scaling%3Dmin-zoom%26show-proto-sidebar%3D1%26starting-point-node-id%3D162%253A320%26theme%3Dlight%26version%3D2&theme=light&version=2:491
[    2701ms] [LOG] Running frontend commit e32e9b2d6a3af5b04641246531157768998f8d45 @ https://www.figma.com/proto/DPRnGD5JWjfoNBSlAFoVG4/Nahui-%E2%80%94-Medium-Fidelity-UI?content-scaling=fixed&kind=proto&node-id=162-320&page-id=160%3A2&scaling=min-zoom&show-proto-sidebar=1&starting-point-node-id=162%3A320:552
[    3554ms] [WARNING] Statsig is not ready to log exposures, will retry in 1 seconds @ https://www.figma.com/webpack-artifacts/assets/vendor-core-8ea0a2f14f18cecd.min.js.br:53
[    3697ms] [ERROR] Failed to load resource: the server responded with a status of 403 (Forbidden) @ https://browser-intake-datadoghq.com/api/v2/rum:0
[    3711ms] [LOG] [import] git: 128f278183b379b4f4f1574fb622ec9163c67013, stamp: 49471F8B4CE35D97 @ https://www.figma.com/webpack-artifacts/assets/vendor-core-8ea0a2f14f18cecd.min.js.br:53
[    4515ms] [WARNING] pixel already configured. @ https://pixel.byspotify.com/ping.min.js:0
[    4683ms] [INFO] [PrototypeLib] Booting... (emscripten version 4.0.21) @ https://www.figma.com/webpack-artifacts/assets/vendor-core-8ea0a2f14f18cecd.min.js.br:53
[    4730ms] [INFO] [GPU] graphicsAPI:"WebGL 2", vendor:"Google Inc. (AMD)", renderer:"ANGLE (AMD, ANGLE Metal Renderer: AMD Radeon Pro 560X, Unspecified Version)" version:"OpenGL ES 2.0 (WebGL 2.0 (OpenGL ES 3.0 Chromium))" @ https://www.figma.com/webpack-artifacts/assets/vendor-core-8ea0a2f14f18cecd.min.js.br:53
[    5041ms] [WARNING] [Meta Pixel] - Removed URL query parameters due to potential violations. @ https://connect.facebook.net/en_US/fbevents.js:187
[    5155ms] [WARNING] [GSI_LOGGER]: Your client application uses one of the Google One Tap prompt UI status methods that may stop functioning when FedCM becomes mandatory. Refer to the migration guide to update your code accordingly and opt-in to FedCM to test your changes. Learn more: https://developers.google.com/identity/gsi/web/guides/fedcm-migration?s=dc#display_moment and https://developers.google.com/identity/gsi/web/guides/fedcm-migration?s=dc#skipped_moment @ https://www.figma.com/webpack-artifacts/assets/vendor-core-8ea0a2f14f18cecd.min.js.br:53
[    5158ms] [ERROR] Not signed in with the identity provider. @ https://www.figma.com/proto/DPRnGD5JWjfoNBSlAFoVG4/Nahui-%E2%80%94-Medium-Fidelity-UI?content-scaling=fixed&kind=proto&node-id=162-320&page-id=160%3A2&scaling=min-zoom&show-proto-sidebar=1&starting-point-node-id=162%3A320:0
[    5449ms] [INFO] [Sprigma] Sprig SDK is ready @ https://www.figma.com/webpack-artifacts/assets/vendor-core-8ea0a2f14f18cecd.min.js.br:53
[    7358ms] [ERROR] [GSI_LOGGER]: FedCM get() rejects with NetworkError: Error retrieving a token. @ https://www.figma.com/webpack-artifacts/assets/vendor-core-8ea0a2f14f18cecd.min.js.br:53
[    9469ms] [ERROR] Failed to load resource: the server responded with a status of 401 () @ https://www.figma.com/api/files/DPRnGD5JWjfoNBSlAFoVG4/prototype/view:0
[  317451ms] [LOG] [Livegraph] Connection closed. Code: 4001, reason: draining_start @ https://www.figma.com/webpack-artifacts/assets/vendor-core-8ea0a2f14f18cecd.min.js.br:53
[  394510ms] [LOG] Running frontend commit e32e9b2d6a3af5b04641246531157768998f8d45 @ https://www.figma.com/proto/DPRnGD5JWjfoNBSlAFoVG4/Nahui-%E2%80%94-Medium-Fidelity-UI?content-scaling=fixed&kind=proto&node-id=162-1661&page-id=160%3A2&scaling=min-zoom&show-proto-sidebar=1&starting-point-node-id=162%3A320:552
[  395288ms] [WARNING] Statsig is not ready to log exposures, will retry in 1 seconds @ https://www.figma.com/webpack-artifacts/assets/vendor-core-8ea0a2f14f18cecd.min.js.br:53
[  395557ms] [LOG] [import] git: 128f278183b379b4f4f1574fb622ec9163c67013, stamp: 49471F8B4CE35D97 @ https://www.figma.com/webpack-artifacts/assets/vendor-core-8ea0a2f14f18cecd.min.js.br:53
[  395755ms] [ERROR] Failed to load resource: the server responded with a status of 403 (Forbidden) @ https://browser-intake-datadoghq.com/api/v2/rum:0
[  396282ms] [INFO] [PrototypeLib] Booting... (emscripten version 4.0.21) @ https://www.figma.com/webpack-artifacts/assets/vendor-core-8ea0a2f14f18cecd.min.js.br:53
[  396328ms] [INFO] [GPU] graphicsAPI:"WebGL 2", vendor:"Google Inc. (AMD)", renderer:"ANGLE (AMD, ANGLE Metal Renderer: AMD Radeon Pro 560X, Unspecified Version)" version:"OpenGL ES 2.0 (WebGL 2.0 (OpenGL ES 3.0 Chromium))" @ https://www.figma.com/webpack-artifacts/assets/vendor-core-8ea0a2f14f18cecd.min.js.br:53
[  396610ms] [WARNING] pixel already configured. @ https://pixel.byspotify.com/ping.min.js:0
[  397169ms] [WARNING] [GSI_LOGGER]: Your client application uses one of the Google One Tap prompt UI status methods that may stop functioning when FedCM becomes mandatory. Refer to the migration guide to update your code accordingly and opt-in to FedCM to test your changes. Learn more: https://developers.google.com/identity/gsi/web/guides/fedcm-migration?s=dc#display_moment and https://developers.google.com/identity/gsi/web/guides/fedcm-migration?s=dc#skipped_moment @ https://www.figma.com/webpack-artifacts/assets/vendor-core-8ea0a2f14f18cecd.min.js.br:53
[  397208ms] [ERROR] Not signed in with the identity provider. @ https://www.figma.com/proto/DPRnGD5JWjfoNBSlAFoVG4/Nahui-%E2%80%94-Medium-Fidelity-UI?content-scaling=fixed&kind=proto&node-id=162-1661&page-id=160%3A2&scaling=min-zoom&show-proto-sidebar=1&starting-point-node-id=162%3A320:0
[  397478ms] [INFO] [Sprigma] Sprig SDK is ready @ https://www.figma.com/webpack-artifacts/assets/vendor-core-8ea0a2f14f18cecd.min.js.br:53
[  401076ms] [ERROR] Failed to load resource: the server responded with a status of 401 () @ https://www.figma.com/api/files/DPRnGD5JWjfoNBSlAFoVG4/prototype/view:0
[  415736ms] [ERROR] [GSI_LOGGER]: FedCM get() rejects with NetworkError: Error retrieving a token. @ https://www.figma.com/webpack-artifacts/assets/vendor-core-8ea0a2f14f18cecd.min.js.br:53
